SOL-USDC         LPfees 0.190040 SOL/h  active 83 SOL <<< SPIKE
SOL-USDC tight   LPfees 0.066418 SOL/h  active 8 SOL <<< SPIKE
SOL-USDC         LPfees 0.001109 SOL/h  active 16634 SOL
SOL-USDC tight   LPfees 0.015691 SOL/h  active 907 SOL
SOL-USDC         LPfees 0.000040 SOL/h  active 16634 SOL
SOL-USDC tight   LPfees 0.000432 SOL/h  active 59 SOL
SOL-USDC         LPfees 0.000014 SOL/h  active 26 SOL
SOL-USDC tight   LPfees 0.011628 SOL/h  active 71 SOL
SOL-USDC         LPfees 0.000000 SOL/h  active 26 SOL
SOL-USDC tight   LPfees 0.004824 SOL/h  active 1115 SOL
SOL-USDC         LPfees 0.000184 SOL/h  active 22 SOL
SOL-USDC tight   LPfees 0.000013 SOL/h  active 1113 SOL
SOL-USDC         LPfees 0.000000 SOL/h  active 27 SOL
SOL-USDC tight   LPfees 0.156082 SOL/h  active 1079 SOL <<< SPIKE
SOL-USDC         LPfees 0.000069 SOL/h  active 25 SOL
SOL-USDC tight   LPfees 0.010543 SOL/h  active 1056 SOL
SOL-USDC         LPfees 0.000000 SOL/h  active 25 SOL
SOL-USDC tight   LPfees 0.003053 SOL/h  active 59 SOL
SOL-USDC         LPfees 0.000255 SOL/h  active 18 SOL
SOL-USDC tight   LPfees 0.012879 SOL/h  active 1111 SOL
SOL-USDC         LPfees 0.000000 SOL/h  active 16469 SOL
SOL-USDC tight   LPfees 0.076526 SOL/h  active 58 SOL <<< SPIKE
SOL-USDC         LPfees 0.364310 SOL/h  active 10409 SOL <<< SPIKE
SOL-USDC tight   LPfees 0.562471 SOL/h  active 572 SOL <<< SPIKE
SOL-USDC         LPfees 0.000000 SOL/h  active 26 SOL
SOL-USDC tight   LPfees 2.209545 SOL/h  active 1106 SOL <<< SPIKE
SOL-USDC         LPfees 0.000065 SOL/h  active 19 SOL
SOL-USDC tight   LPfees 1.440253 SOL/h  active 256 SOL <<< SPIKE
EMBER-USDC       LPfees 1245036.538762 SOL/h  active 6 SOL <<< SPIKE
EMBER-SOL        LPfees 33011966.419745 SOL/h  active 17 SOL <<< SPIKE
STONK-SOL        LPfees 4468406306.469854 SOL/h  active 35 SOL <<< SPIKE
Traceback (most recent call last):
  File "/Users/niallsemple/Documents/kimi/workspace/darwin-labs-ai/memecoin-monitor/capacity_watch.py", line 87, in <module>
    main()
  File "/Users/niallsemple/Documents/kimi/workspace/darwin-labs-ai/memecoin-monitor/capacity_watch.py", line 84, in main
    print(f"{name:<16} LPfees {flow_h:.6f} SOL/h  active {rec['liq_active_sol']:.0f} SOL{flag}")
             ^^^^
NameError: name 'name' is not defined
SOL-USDC         LPfees 0.001378 SOL/h  active 102 SOL
SOL-USDC tight   LPfees 2.086660 SOL/h  active 1090 SOL <<< SPIKE
EMBER-USDC       LPfees 53.847250 SOL/h  active 6 SOL <<< SPIKE
EMBER-SOL        LPfees 0.000000 SOL/h  active 2 SOL
STONK-SOL        LPfees 198.866884 SOL/h  active 36 SOL <<< SPIKE
MET-SOL          LPfees 11.562557 SOL/h  active 0 SOL <<< SPIKE
ZEC-SOL          LPfees 20.927990 SOL/h  active 13 SOL <<< SPIKE
ANSEM-SOL        LPfees 1.372954 SOL/h  active 10 SOL <<< SPIKE
SOL-USDC         LPfees 3.656587 SOL/h  active 16 SOL <<< SPIKE
SOL-USDC tight   LPfees 0.306404 SOL/h  active 620 SOL <<< SPIKE
EMBER-USDC       LPfees 18.335784 SOL/h  active 5 SOL <<< SPIKE
EMBER-SOL        LPfees 0.006946 SOL/h  active 2 SOL
STONK-SOL        LPfees 9.433456 SOL/h  active 51 SOL <<< SPIKE
MET-SOL          LPfees 1.081100 SOL/h  active 48 SOL <<< SPIKE
ZEC-SOL          LPfees 0.114063 SOL/h  active 10 SOL <<< SPIKE
ANSEM-SOL        LPfees 0.000000 SOL/h  active 14 SOL
SOL-USDC         LPfees 55.083382 SOL/h  active 16969 SOL <<< SPIKE
SOL-USDC tight   LPfees 1.965814 SOL/h  active 6 SOL <<< SPIKE
EMBER-USDC       LPfees 19.668973 SOL/h  active 5 SOL <<< SPIKE
EMBER-SOL        LPfees 13.656406 SOL/h  active 9 SOL <<< SPIKE
STONK-SOL        LPfees 8.739761 SOL/h  active 53 SOL <<< SPIKE
MET-SOL          LPfees 0.145867 SOL/h  active 2 SOL <<< SPIKE
ZEC-SOL          LPfees 1.004004 SOL/h  active 14 SOL <<< SPIKE
ANSEM-SOL        LPfees 0.000000 SOL/h  active 11 SOL
