[exit] 9NdiyGft liquidity refilled fees=0.00000 markout=0.00000 net=-0.00100 bank=0.9165
[enter] CnK1jPqS HFNA paper Y-only 0.1 SOL bins [-449,-443] elev=431.0x
[exit] CnK1jPqS liquidity refilled fees=0.00005 markout=0.00000 net=-0.00095 bank=0.9156
[enter] 9NdiyGft HFNA paper Y-only 0.1 SOL bins [-233,-227] elev=7.9x
[exit] 9NdiyGft liquidity refilled fees=0.00024 markout=0.00000 net=-0.00076 bank=0.9148
[enter] 6DkVy4DP HFNA paper Y-only 0.1 SOL bins [-482,-476] elev=513.7x
[exit] 6DkVy4DP liquidity refilled fees=0.00048 markout=0.00000 net=-0.00052 bank=0.9143
[enter] 6WwtGMXu HFNA paper Y-only 0.1 SOL bins [-480,-474] elev=6.9x
[exit] 6WwtGMXu liquidity refilled fees=0.00000 markout=0.00000 net=-0.00100 bank=0.9133
[enter] 9NdiyGft HFNA paper Y-only 0.1 SOL bins [-235,-229] elev=127.6x
[exit] 9NdiyGft liquidity refilled fees=0.00026 markout=0.00000 net=-0.00074 bank=0.9126
[enter] 4YAs6WdH HFNA paper Y-only 0.1 SOL bins [-511,-505] elev=2054.8x
[exit] 4YAs6WdH liquidity refilled fees=0.00000 markout=0.00000 net=-0.00100 bank=0.9116
[enter] FyEWqfL5 HFNA paper Y-only 0.1 SOL bins [-278,-272] elev=140000.0x
[exit] FyEWqfL5 liquidity refilled fees=0.00000 markout=0.00000 net=-0.00100 bank=0.9106
[enter] 9NdiyGft HFNA paper Y-only 0.1 SOL bins [-229,-223] elev=2.3x
[exit] 9NdiyGft liquidity refilled fees=0.00016 markout=0.00000 net=-0.00084 bank=0.9097
[enter] 8eybKAvj HFNA paper Y-only 0.1 SOL bins [2341,2347] elev=86.5x
[exit] 8eybKAvj liquidity refilled fees=0.00006 markout=0.00000 net=-0.00094 bank=0.9088
[enter] BcAaxXZZ HFNA paper Y-only 0.1 SOL bins [-130,-124] elev=1.9x
[exit] BcAaxXZZ liquidity refilled fees=0.00000 markout=0.00000 net=-0.00100 bank=0.9078
