[exit] 9NdiyGft liquidity refilled fees=0.00000 markout=0.00000 net=-0.00100 bank=1.2085
[enter] CnK1jPqS HFNA paper Y-only 0.1 SOL bins [-445,-443] elev=431.0x
[exit] CnK1jPqS liquidity refilled fees=0.00034 markout=0.00000 net=-0.00066 bank=1.2079
[enter] 9NdiyGft HFNA paper Y-only 0.1 SOL bins [-229,-227] elev=7.9x
[exit] 9NdiyGft liquidity refilled fees=0.00168 markout=0.00000 net=+0.00068 bank=1.2085
[enter] 6DkVy4DP HFNA paper Y-only 0.1 SOL bins [-478,-476] elev=513.7x
[exit] 6DkVy4DP liquidity refilled fees=0.00318 markout=0.00000 net=+0.00218 bank=1.2107
[enter] 6WwtGMXu HFNA paper Y-only 0.1 SOL bins [-476,-474] elev=6.9x
[exit] 6WwtGMXu liquidity refilled fees=0.00000 markout=0.00000 net=-0.00100 bank=1.2097
[enter] 9NdiyGft HFNA paper Y-only 0.1 SOL bins [-231,-229] elev=127.6x
[exit] 9NdiyGft liquidity refilled fees=0.00174 markout=0.00000 net=+0.00074 bank=1.2105
[enter] 4YAs6WdH HFNA paper Y-only 0.1 SOL bins [-507,-505] elev=2054.8x
[exit] 4YAs6WdH liquidity refilled fees=0.00000 markout=0.00000 net=-0.00100 bank=1.2095
[enter] FyEWqfL5 HFNA paper Y-only 0.1 SOL bins [-274,-272] elev=140000.0x
[exit] FyEWqfL5 liquidity refilled fees=0.00000 markout=0.00000 net=-0.00100 bank=1.2085
[enter] 9NdiyGft HFNA paper Y-only 0.1 SOL bins [-225,-223] elev=2.3x
[exit] 9NdiyGft liquidity refilled fees=0.00108 markout=0.00000 net=+0.00008 bank=1.2085
[enter] 8eybKAvj HFNA paper Y-only 0.1 SOL bins [2345,2347] elev=86.5x
[exit] 8eybKAvj liquidity refilled fees=0.00042 markout=0.00000 net=-0.00058 bank=1.2080
[enter] BcAaxXZZ HFNA paper Y-only 0.1 SOL bins [-126,-124] elev=1.9x
[exit] BcAaxXZZ liquidity refilled fees=0.00000 markout=0.00000 net=-0.00100 bank=1.2070
[enter] 6e7V9eeg HFNA paper Y-only 0.1 SOL bins [205,207] elev=1001.0x
[exit] 6e7V9eeg fee decayed (1.00x) fees=0.00018 markout=0.00000 net=-0.00082 bank=1.2061
[enter] 9NdiyGft HFNA paper Y-only 0.1 SOL bins [-229,-227] elev=10000.0x
[exit] 9NdiyGft liquidity refilled fees=0.00000 markout=0.00000 net=-0.00100 bank=1.2051
[enter] 8eybKAvj HFNA paper Y-only 0.1 SOL bins [2353,2355] elev=10000.0x
[exit] 8eybKAvj liquidity refilled fees=0.00000 markout=0.00000 net=-0.00100 bank=1.2041
[enter] 6e7V9eeg HFNA paper Y-only 0.1 SOL bins [203,205] elev=33.1x
[exit] 6e7V9eeg liquidity refilled fees=0.00028 markout=0.00000 net=-0.00072 bank=1.2034
[enter] 6e7V9eeg HFNA paper Y-only 0.1 SOL bins [170,172] elev=65.1x
[exit] 6e7V9eeg liquidity refilled fees=0.00016 markout=0.00000 net=-0.00084 bank=1.2026
[enter] 9NdiyGft HFNA paper Y-only 0.1 SOL bins [-258,-256] elev=86.5x
[exit] 9NdiyGft liquidity refilled fees=0.00500 markout=0.00000 net=+0.00400 bank=1.2066
[enter] 6e7V9eeg HFNA paper Y-only 0.1 SOL bins [172,174] elev=5.4x
[exit] 6e7V9eeg fee decayed (1.00x) fees=0.00013 markout=0.00000 net=-0.00087 bank=1.2057
