2026-09-04 11:17:55Z feed_keeper start (stale>300s, keep=20min)
2026-09-04 11:17:55Z hb: age=6s pass_up=False keep_up=True
[collector] 200 events logged
[collector] closed after 283 events
2026-09-04 12:17:58Z hb: age=6s pass_up=True keep_up=False
2026-09-04 13:18:01Z hb: age=0s pass_up=True keep_up=False
2026-09-04 14:18:04Z hb: age=3s pass_up=True keep_up=False
2026-09-04 15:18:08Z hb: age=0s pass_up=True keep_up=False
2026-09-04 16:18:11Z hb: age=0s pass_up=True keep_up=False
2026-09-04 17:18:15Z hb: age=8s pass_up=True keep_up=False
2026-09-04 18:18:18Z hb: age=1s pass_up=True keep_up=False
2026-09-04 19:18:21Z hb: age=3s pass_up=True keep_up=False
2026-09-04 20:18:24Z hb: age=3s pass_up=True keep_up=False
2026-09-04 21:18:27Z hb: age=6s pass_up=True keep_up=False
2026-09-04 22:18:30Z hb: age=1s pass_up=True keep_up=False
2026-09-04 23:18:33Z hb: age=1s pass_up=True keep_up=False
2026-09-05 00:18:36Z hb: age=1s pass_up=True keep_up=False
2026-09-05 01:18:39Z hb: age=14s pass_up=True keep_up=False
2026-09-05 02:18:41Z hb: age=6s pass_up=True keep_up=False
2026-09-05 03:18:45Z hb: age=5s pass_up=True keep_up=False
2026-09-05 04:18:48Z hb: age=8s pass_up=True keep_up=False
2026-09-05 05:18:51Z hb: age=12s pass_up=True keep_up=False
2026-09-05 06:18:53Z hb: age=1s pass_up=True keep_up=False
2026-09-05 07:18:56Z hb: age=6s pass_up=True keep_up=False
2026-09-05 08:18:59Z hb: age=1s pass_up=True keep_up=False
2026-09-05 09:19:03Z hb: age=4s pass_up=True keep_up=False
2026-09-05 10:19:06Z hb: age=1s pass_up=True keep_up=False
2026-09-05 11:19:09Z hb: age=7s pass_up=True keep_up=False
