12:29:07 XMR-SOL: active=-2687 range=[-2756,-2688] tvl=$122,847 vol24=$6,419,014 feeY=0.000008SOL feeX=0
12:29:07 XMR-SOL: idle above range (pure SOL, no fees) — watching
12:29:07 MUCHWOW-SOL: active=-210 range=[-223,-209] tvl=$42,553 vol24=$345,240 feeY=0.000007SOL feeX=2388666
12:29:08 KNOTS-SOL: active=-165 range=[-197,-169] tvl=$157,962 vol24=$861,305 feeY=0.000022SOL feeX=0
12:29:08 KNOTS-SOL: idle above range (pure SOL, no fees) — watching
12:29:08 CTO-SOL: active=-1999 range=[-2052,-1996] tvl=$156,386 vol24=$2,602,653 feeY=0.000022SOL feeX=0
12:29:08 Pumpcat-SOL: active=-437 range=[-468,-440] tvl=$62,345 vol24=$418,318 feeY=0.000050SOL feeX=0
12:29:08 Pumpcat-SOL: idle above range (pure SOL, no fees) — watching
12:29:08 tip-SOL: active=-210 range=[-235,-221] tvl=$28,939 vol24=$305,300 feeY=0.000040SOL feeX=0
12:29:08 tip-SOL: idle above range (pure SOL, no fees) — watching
12:29:08 guardian pass complete
12:49:47 XMR-SOL: active=-2686 range=[-2756,-2688] tvl=$106,753 vol24=$6,453,388 feeY=0.000011SOL feeX=0
12:49:47 XMR-SOL: idle above range (pure SOL, no fees) — watching
12:49:47 MUCHWOW-SOL: active=-211 range=[-223,-209] tvl=$39,780 vol24=$347,022 feeY=0.000083SOL feeX=9364638
12:49:48 KNOTS-SOL: active=-163 range=[-197,-169] tvl=$149,819 vol24=$875,469 feeY=0.000022SOL feeX=0
12:49:48 KNOTS-SOL: idle above range (pure SOL, no fees) — watching
12:49:48 CTO-SOL: active=-1993 range=[-2052,-1996] tvl=$161,056 vol24=$2,595,031 feeY=0.000135SOL feeX=0
12:49:48 CTO-SOL: idle above range (pure SOL, no fees) — watching
12:49:48 Pumpcat-SOL: active=-438 range=[-468,-440] tvl=$62,580 vol24=$412,721 feeY=0.000050SOL feeX=0
12:49:48 Pumpcat-SOL: idle above range (pure SOL, no fees) — watching
12:49:48 tip-SOL: active=-209 range=[-235,-221] tvl=$24,206 vol24=$317,098 feeY=0.000040SOL feeX=0
12:49:48 tip-SOL: idle above range (pure SOL, no fees) — watching
12:49:48 guardian pass complete
13:18:56 XMR-SOL: active=-2682 range=[-2756,-2688] tvl=$106,973 vol24=$6,545,003 feeY=0.000011SOL feeX=0
13:18:56 XMR-SOL: idle above range (pure SOL, no fees) — watching
13:18:57 MUCHWOW-SOL: active=-214 range=[-223,-209] tvl=$39,682 vol24=$354,472 feeY=0.000449SOL feeX=90032989
13:18:57 KNOTS-SOL: active=-172 range=[-197,-169] tvl=$151,599 vol24=$889,694 feeY=0.000234SOL feeX=0
13:18:58 CTO-SOL: active=-2001 range=[-2052,-1996] tvl=$173,884 vol24=$2,564,291 feeY=0.000234SOL feeX=0
13:18:59 Pumpcat-SOL: active=-437 range=[-468,-440] tvl=$51,045 vol24=$408,243 feeY=0.000050SOL feeX=0
13:18:59 Pumpcat-SOL: idle above range (pure SOL, no fees) — watching
13:18:59 tip-SOL: active=-219 range=[-235,-221] tvl=$23,456 vol24=$326,974 feeY=0.000099SOL feeX=23559526
13:18:59 tip-SOL: idle above range (pure SOL, no fees) — watching
13:18:59 guardian pass complete
13:48:54 XMR-SOL: active=-2682 range=[-2756,-2688] tvl=$109,198 vol24=$6,607,922 feeY=0.000011SOL feeX=0
13:48:54 XMR-SOL: idle above range (pure SOL, no fees) — watching
13:48:54 MUCHWOW-SOL: active=-204 range=[-223,-209] tvl=$41,526 vol24=$359,427 feeY=0.000881SOL feeX=90617692
13:48:54 MUCHWOW-SOL: idle above range (pure SOL, no fees) — watching
13:48:55 KNOTS-SOL: active=-166 range=[-197,-169] tvl=$152,961 vol24=$906,318 feeY=0.000378SOL feeX=0
13:48:55 KNOTS-SOL: idle above range (pure SOL, no fees) — watching
13:48:55 CTO-SOL: active=-1998 range=[-2052,-1996] tvl=$159,675 vol24=$2,533,888 feeY=0.000463SOL feeX=0
13:48:55 Pumpcat-SOL: active=-438 range=[-468,-440] tvl=$47,691 vol24=$401,797 feeY=0.000050SOL feeX=0
13:48:55 Pumpcat-SOL: idle above range (pure SOL, no fees) — watching
13:48:55 tip-SOL: active=-226 range=[-235,-221] tvl=$22,028 vol24=$339,765 feeY=0.000672SOL feeX=93372849
13:48:55 guardian pass complete
13:55:22 XMR-SOL: active=-2682 range=[-2756,-2688] tvl=$109,341 vol24=$6,631,700 feeY=0.000011SOL feeX=0
13:55:22 XMR-SOL: idle above range (pure SOL, no fees) — watching
13:55:22 MUCHWOW-SOL: active=-208 range=[-223,-209] tvl=$41,135 vol24=$363,058 feeY=0.001095SOL feeX=104317959
13:55:22 MUCHWOW-SOL: idle above range (pure SOL, no fees) — watching
13:55:22 KNOTS-SOL: active=-159 range=[-197,-169] tvl=$157,167 vol24=$911,184 feeY=0.000378SOL feeX=0
13:55:22 KNOTS-SOL: idle above range (pure SOL, no fees) — watching
13:55:22 CTO-SOL: active=-1998 range=[-2052,-1996] tvl=$160,256 vol24=$2,525,438 feeY=0.000486SOL feeX=0
13:55:23 Pumpcat-SOL: active=-441 range=[-468,-440] tvl=$45,380 vol24=$401,105 feeY=0.000050SOL feeX=4593819
13:55:23 tip-SOL: active=-227 range=[-235,-221] tvl=$21,798 vol24=$342,899 feeY=0.000776SOL feeX=106259143
13:55:23 guardian pass complete
14:26:19 XMR-SOL: active=-2686 range=[-2756,-2688] tvl=$108,022 vol24=$6,717,893 feeY=0.000011SOL feeX=0
14:26:19 XMR-SOL: idle above range (pure SOL, no fees) — watching
14:26:19 MUCHWOW-SOL: active=-213 range=[-223,-209] tvl=$38,996 vol24=$369,778 feeY=0.001115SOL feeX=148772472
14:26:19 MUCHWOW-SOL: BACK IN RANGE — fee accrual resumed
14:26:19 KNOTS-SOL: active=-174 range=[-197,-169] tvl=$153,723 vol24=$937,534 feeY=0.000844SOL feeX=0
14:26:19 KNOTS-SOL: BACK IN RANGE — fee accrual resumed
14:26:20 CTO-SOL: active=-2016 range=[-2052,-1996] tvl=$156,754 vol24=$2,461,519 feeY=0.000711SOL feeX=0
14:26:20 Pumpcat-SOL: active=-449 range=[-468,-440] tvl=$44,456 vol24=$391,256 feeY=0.000050SOL feeX=41106533
14:26:20 tip-SOL: active=-239 range=[-235,-221] tvl=$22,120 vol24=$356,873 feeY=0.001110SOL feeX=175890868
14:26:20 tip-SOL: EMERGENCY EXIT — price fell through range (active -239 < -235) — position is all token-X
14:26:22 tip-SOL: exited ok
14:26:22 guardian pass complete
14:49:27 XMR-SOL: active=-2680 range=[-2756,-2688] tvl=$107,240 vol24=$6,809,995 feeY=0.000011SOL feeX=0
14:49:27 XMR-SOL: idle above range (pure SOL, no fees) — watching
14:49:27 MUCHWOW-SOL: active=-217 range=[-223,-209] tvl=$39,222 vol24=$372,608 feeY=0.001421SOL feeX=189635439
14:49:27 KNOTS-SOL: active=-163 range=[-197,-169] tvl=$172,163 vol24=$948,253 feeY=0.001033SOL feeX=0
14:49:27 KNOTS-SOL: drifted out of range — fee accrual paused
14:49:27 KNOTS-SOL: idle above range (pure SOL, no fees) — watching
14:49:27 CTO-SOL: active=-2016 range=[-2052,-1996] tvl=$159,357 vol24=$2,395,146 feeY=0.000945SOL feeX=0
14:49:28 Pumpcat-SOL: active=-454 range=[-468,-440] tvl=$42,086 vol24=$388,966 feeY=0.000050SOL feeX=61150308
14:49:28 guardian pass complete
15:04:13 XMR-SOL: active=-2674 range=[-2756,-2688] tvl=$130,954 vol24=$6,898,046 feeY=0.000011SOL feeX=0
15:04:13 XMR-SOL: idle above range (pure SOL, no fees) — watching
15:04:14 MUCHWOW-SOL: active=-214 range=[-223,-209] tvl=$40,218 vol24=$375,448 feeY=0.001683SOL feeX=196372668
15:04:14 KNOTS-SOL: active=-171 range=[-197,-169] tvl=$168,484 vol24=$955,960 feeY=0.001102SOL feeX=0
15:04:14 KNOTS-SOL: BACK IN RANGE — fee accrual resumed
15:04:15 CTO-SOL: active=-2018 range=[-2052,-1996] tvl=$158,538 vol24=$2,391,345 feeY=0.001111SOL feeX=0
15:04:15 Pumpcat-SOL: active=-460 range=[-468,-440] tvl=$42,784 vol24=$388,306 feeY=0.000050SOL feeX=92903896
15:04:15 guardian pass complete
15:49:05 XMR-SOL: active=-2670 range=[-2756,-2688] tvl=$144,271 vol24=$7,043,577 feeY=0.000011SOL feeX=0
15:49:05 XMR-SOL: idle above range (pure SOL, no fees) — watching
15:49:05 MUCHWOW-SOL: active=-210 range=[-223,-209] tvl=$41,997 vol24=$381,534 feeY=0.002543SOL feeX=236272059
15:49:05 KNOTS-SOL: active=-141 range=[-197,-169] tvl=$164,696 vol24=$991,584 feeY=0.001172SOL feeX=0
15:49:05 KNOTS-SOL: drifted out of range — fee accrual paused
15:49:05 KNOTS-SOL: idle above range (pure SOL, no fees) — watching
15:49:06 CTO-SOL: active=-2051 range=[-2052,-1996] tvl=$181,139 vol24=$2,541,694 feeY=0.002794SOL feeX=0
15:49:06 Pumpcat-SOL: active=-442 range=[-468,-440] tvl=$38,431 vol24=$385,844 feeY=0.001327SOL feeX=115925265
15:49:06 guardian pass complete
15:51:34 XMR-SOL: active=-2669 range=[-2756,-2688] tvl=$144,586 vol24=$7,050,620 feeY=0.000011SOL feeX=0
15:51:34 XMR-SOL: idle above range (pure SOL, no fees) — watching
15:51:34 MUCHWOW-SOL: active=-214 range=[-223,-209] tvl=$41,473 vol24=$382,730 feeY=0.002548SOL feeX=245102227
15:51:34 KNOTS-SOL: active=-141 range=[-197,-169] tvl=$151,957 vol24=$991,356 feeY=0.001172SOL feeX=0
15:51:34 KNOTS-SOL: idle above range (pure SOL, no fees) — watching
15:51:35 CTO-SOL: active=-2053 range=[-2052,-1996] tvl=$175,620 vol24=$2,542,371 feeY=0.003002SOL feeX=0
15:51:35 CTO-SOL: EMERGENCY EXIT — price fell through range (active -2053 < -2052) — position is all token-X
15:51:36 CTO-SOL: exited ok
15:51:37 Pumpcat-SOL: active=-442 range=[-468,-440] tvl=$38,431 vol24=$385,844 feeY=0.001327SOL feeX=115925265
15:51:37 guardian pass complete
16:26:55 XMR-SOL: active=-2657 range=[-2756,-2688] tvl=$113,043 vol24=$7,187,100 feeY=0.000011SOL feeX=0
16:26:55 XMR-SOL: idle above range (pure SOL, no fees) — watching
16:26:55 MUCHWOW-SOL: active=-221 range=[-223,-209] tvl=$35,767 vol24=$392,545 feeY=0.003038SOL feeX=313332823
16:26:55 MUCHWOW-SOL: claiming fees (0.003038 SOL side)
16:26:55 MUCHWOW-SOL: claim rc=2
16:26:56 KNOTS-SOL: active=-155 range=[-197,-169] tvl=$170,705 vol24=$1,021,647 feeY=0.001172SOL feeX=0
16:26:56 KNOTS-SOL: idle above range (pure SOL, no fees) — watching
16:26:56 Pumpcat-SOL: active=-416 range=[-468,-440] tvl=$37,635 vol24=$382,893 feeY=0.001867SOL feeX=147582797
16:26:56 Pumpcat-SOL: drifted out of range — fee accrual paused
16:26:56 Pumpcat-SOL: idle above range (pure SOL, no fees) — watching
16:26:56 guardian pass complete
16:48:16 XMR-SOL: active=-2656 range=[-2756,-2688] tvl=$113,971 vol24=$7,237,281 feeY=0.000011SOL feeX=0
16:48:16 XMR-SOL: idle above range (pure SOL, no fees) — watching
16:48:16 MUCHWOW-SOL: active=-227 range=[-223,-209] tvl=$34,911 vol24=$395,356 feeY=0.000000SOL feeX=0
16:48:16 MUCHWOW-SOL: EMERGENCY EXIT — price fell through range (active -227 < -223) — position is all token-X
16:48:17 MUCHWOW-SOL: exited ok
16:48:18 KNOTS-SOL: active=-158 range=[-197,-169] tvl=$171,044 vol24=$1,038,834 feeY=0.001172SOL feeX=0
16:48:18 KNOTS-SOL: idle above range (pure SOL, no fees) — watching
16:48:18 Pumpcat-SOL: active=-426 range=[-468,-440] tvl=$34,538 vol24=$376,229 feeY=0.001867SOL feeX=147582797
16:48:18 Pumpcat-SOL: idle above range (pure SOL, no fees) — watching
16:48:18 guardian pass complete
16:51:38 XMR-SOL: active=-2656 range=[-2756,-2688] tvl=$114,120 vol24=$7,245,393 feeY=0.000011SOL feeX=0
16:51:38 XMR-SOL: idle above range (pure SOL, no fees) — watching
16:51:39 KNOTS-SOL: active=-157 range=[-197,-169] tvl=$172,605 vol24=$1,042,064 feeY=0.001172SOL feeX=0
16:51:39 KNOTS-SOL: idle above range (pure SOL, no fees) — watching
16:51:39 Pumpcat-SOL: active=-419 range=[-468,-440] tvl=$35,496 vol24=$376,872 feeY=0.001867SOL feeX=147582797
16:51:39 Pumpcat-SOL: idle above range (pure SOL, no fees) — watching
16:51:39 guardian pass complete
17:04:15 XMR-SOL: active=-2657 range=[-2756,-2688] tvl=$114,212 vol24=$7,264,562 feeY=0.000011SOL feeX=0
17:04:15 XMR-SOL: idle above range (pure SOL, no fees) — watching
17:04:16 KNOTS-SOL: active=-161 range=[-197,-169] tvl=$170,695 vol24=$1,050,535 feeY=0.001172SOL feeX=0
17:04:16 KNOTS-SOL: idle above range (pure SOL, no fees) — watching
17:04:16 Pumpcat-SOL: active=-419 range=[-468,-440] tvl=$36,490 vol24=$372,777 feeY=0.001867SOL feeX=147582797
17:04:16 Pumpcat-SOL: idle above range (pure SOL, no fees) — watching
17:04:16 guardian pass complete
19:05:00 no open positions
19:11:22 XMR-SOL: active=1020 range=[950,1000] tvl=$124,448 vol24=$8,102,956 feeY=0.000000SOL feeX=0
19:11:22 XMR-SOL: drifted out of range — fee accrual paused
19:11:22 XMR-SOL: idle above range (pure SOL, no fees) — watching
19:11:22 guardian pass complete
19:11:33 XMR-SOL: active=1020 range=[950,1000] tvl=$124,461 vol24=$8,104,603 feeY=0.000000SOL feeX=0
19:11:34 XMR-SOL: idle above range (pure SOL, no fees) — watching
19:11:34 XMR-SOL: RE-CENTER — above range 2 passes; exit + gated redeploy
19:11:34 XMR-SOL: RE-CENTER EXIT FAILED rc=0: 
19:11:34 guardian pass complete
19:11:46 XMR-SOL: active=980 range=[950,1000] tvl=$124,463 vol24=$8,109,384 feeY=0.000000SOL feeX=0
19:11:46 XMR-SOL: BACK IN RANGE — fee accrual resumed
19:11:46 guardian pass complete
19:34:33 no open positions
19:48:58 no open positions
20:22:30 no open positions
21:22:36 no open positions
22:22:25 no open positions
22:50:39 no open positions
23:07:19 no open positions
23:12:41 no open positions
23:35:15 no open positions
23:56:47 no open positions
00:18:49 no open positions
00:22:57 no open positions
00:40:21 no open positions
01:02:23 no open positions
01:07:37 no open positions
01:24:27 no open positions
01:52:41 no open positions
01:58:20 no open positions
02:07:46 no open positions
02:22:46 no open positions
02:30:36 no open positions
02:52:38 no open positions
03:14:40 no open positions
03:22:54 no open positions
03:36:41 no open positions
03:58:43 no open positions
04:08:01 no open positions
04:20:47 no open positions
04:38:04 no open positions
04:42:50 no open positions
05:04:23 no open positions
05:22:37 no open positions
05:26:25 no open positions
05:48:28 no open positions
06:10:29 no open positions
06:22:49 no open positions
06:32:30 no open positions
06:54:31 no open positions
07:16:33 no open positions
07:38:35 no open positions
08:00:38 no open positions
08:07:36 no open positions
08:22:42 no open positions
08:44:44 no open positions
09:06:46 no open positions
09:28:48 no open positions
09:50:51 no open positions
10:08:25 no open positions
10:12:23 no open positions
10:34:27 no open positions
10:56:30 AsSyvUnb: active=368 range=[296,364] tvl=$1,032,894 vol24=$6,814,872 feeY=0.000046SOL feeX=16753
10:56:30 AsSyvUnb: idle above range (pure SOL, no fees) — watching
10:56:30 guardian pass complete
11:18:33 AsSyvUnb: active=374 range=[296,364] tvl=$1,041,115 vol24=$6,825,536 feeY=0.000046SOL feeX=16753
11:18:33 AsSyvUnb: idle above range (pure SOL, no fees) — watching
11:18:33 AsSyvUnb: RE-CENTER — above range 2 passes; exit + gated redeploy
11:18:37 AsSyvUnb: redeploy rc=0 (refusal = data no longer qualifies)
11:18:37 guardian pass complete
11:40:36 AsSyvUnb: active=372 range=[306,374] tvl=$1,036,982 vol24=$6,834,169 feeY=0.000112SOL feeX=66035
11:40:36 guardian pass complete
12:02:38 AsSyvUnb: active=367 range=[306,374] tvl=$1,026,275 vol24=$6,878,745 feeY=0.000172SOL feeX=150798
12:02:38 guardian pass complete
12:24:41 AsSyvUnb: active=358 range=[306,374] tvl=$1,022,866 vol24=$6,998,941 feeY=0.000332SOL feeX=315081
12:24:41 guardian pass complete
12:52:57 AsSyvUnb: active=358 range=[306,374] tvl=$1,020,526 vol24=$7,013,804 feeY=0.000427SOL feeX=357837
12:52:57 guardian pass complete
13:08:45 AsSyvUnb: active=363 range=[306,374] tvl=$1,025,539 vol24=$7,039,025 feeY=0.000550SOL feeX=371905
13:08:45 guardian pass complete
13:30:51 AsSyvUnb: active=358 range=[306,374] tvl=$1,022,576 vol24=$7,094,143 feeY=0.000622SOL feeX=452601
13:30:51 guardian pass complete
13:52:22 AsSyvUnb: active=366 range=[306,374] tvl=$1,012,905 vol24=$7,171,073 feeY=0.000857SOL feeX=493124
13:52:22 guardian pass complete
14:14:24 AsSyvUnb: active=371 range=[306,374] tvl=$1,009,456 vol24=$7,193,418 feeY=0.001015SOL feeX=518151
14:14:24 guardian pass complete
14:23:28 AsSyvUnb: active=369 range=[306,374] tvl=$990,286 vol24=$7,152,730 feeY=0.001058SOL feeX=563993
14:23:28 guardian pass complete
14:36:27 AsSyvUnb: active=378 range=[306,374] tvl=$999,194 vol24=$7,216,939 feeY=0.001225SOL feeX=585121
14:36:27 AsSyvUnb: drifted out of range — fee accrual paused
14:36:27 AsSyvUnb: idle above range (pure SOL, no fees) — watching
14:36:27 guardian pass complete
14:58:29 AsSyvUnb: active=380 range=[306,374] tvl=$983,835 vol24=$7,309,623 feeY=0.001225SOL feeX=585121
14:58:29 AsSyvUnb: idle above range (pure SOL, no fees) — watching
14:58:29 AsSyvUnb: RE-CENTER — above range 2 passes; exit + gated redeploy
14:58:32 AsSyvUnb: redeploy rc=0 (refusal = data no longer qualifies)
14:58:32 guardian pass complete
15:20:34 AsSyvUnb: active=391 range=[312,380] tvl=$995,101 vol24=$7,390,682 feeY=0.000000SOL feeX=0
15:20:34 AsSyvUnb: idle above range (pure SOL, no fees) — watching
15:20:34 guardian pass complete
15:42:35 AsSyvUnb: active=387 range=[312,380] tvl=$995,371 vol24=$7,432,223 feeY=0.000000SOL feeX=0
15:42:35 AsSyvUnb: idle above range (pure SOL, no fees) — watching
15:42:35 AsSyvUnb: RE-CENTER — above range 2 passes; exit + gated redeploy
15:42:39 AsSyvUnb: redeploy rc=0 (refusal = data no longer qualifies)
15:42:39 guardian pass complete
16:04:37 AsSyvUnb: active=390 range=[319,387] tvl=$994,900 vol24=$7,518,847 feeY=0.000100SOL feeX=38947
16:04:37 AsSyvUnb: idle above range (pure SOL, no fees) — watching
16:04:37 guardian pass complete
16:26:39 AsSyvUnb: active=390 range=[319,387] tvl=$993,027 vol24=$7,587,647 feeY=0.000100SOL feeX=38947
16:26:39 AsSyvUnb: idle above range (pure SOL, no fees) — watching
16:26:39 AsSyvUnb: RE-CENTER — above range 2 passes; exit + gated redeploy
16:26:43 AsSyvUnb: redeploy rc=0 (refusal = data no longer qualifies)
16:26:43 guardian pass complete
16:48:41 AsSyvUnb: active=390 range=[322,390] tvl=$971,227 vol24=$7,639,190 feeY=0.000116SOL feeX=45498
16:48:41 guardian pass complete
17:10:44 AsSyvUnb: active=389 range=[322,390] tvl=$966,971 vol24=$7,666,001 feeY=0.000134SOL feeX=65029
17:10:44 guardian pass complete
17:32:48 AsSyvUnb: active=391 range=[322,390] tvl=$967,622 vol24=$7,714,258 feeY=0.000179SOL feeX=73401
17:32:48 AsSyvUnb: drifted out of range — fee accrual paused
17:32:48 AsSyvUnb: idle above range (pure SOL, no fees) — watching
17:32:48 guardian pass complete
17:54:49 AsSyvUnb: active=390 range=[322,390] tvl=$968,915 vol24=$7,739,672 feeY=0.000196SOL feeX=81278
17:54:49 AsSyvUnb: BACK IN RANGE — fee accrual resumed
17:54:49 guardian pass complete
18:16:23 AsSyvUnb: active=391 range=[322,390] tvl=$975,627 vol24=$7,768,329 feeY=0.000260SOL feeX=110645
18:16:23 AsSyvUnb: drifted out of range — fee accrual paused
18:16:23 AsSyvUnb: idle above range (pure SOL, no fees) — watching
18:16:23 guardian pass complete
18:23:00 AsSyvUnb: active=390 range=[322,390] tvl=$976,199 vol24=$7,773,775 feeY=0.000265SOL feeX=120144
18:23:00 AsSyvUnb: BACK IN RANGE — fee accrual resumed
18:23:00 guardian pass complete
18:38:24 AsSyvUnb: active=398 range=[322,390] tvl=$986,670 vol24=$7,812,673 feeY=0.000285SOL feeX=122074
18:38:24 AsSyvUnb: drifted out of range — fee accrual paused
18:38:24 AsSyvUnb: idle above range (pure SOL, no fees) — watching
18:38:24 guardian pass complete
19:00:26 AsSyvUnb: active=388 range=[322,390] tvl=$974,526 vol24=$7,879,050 feeY=0.000327SOL feeX=163055
19:00:26 AsSyvUnb: BACK IN RANGE — fee accrual resumed
19:00:26 guardian pass complete
19:08:15 AsSyvUnb: active=389 range=[322,390] tvl=$971,490 vol24=$7,885,980 feeY=0.000346SOL feeX=169418
19:08:15 guardian pass complete
19:22:30 AsSyvUnb: active=385 range=[322,390] tvl=$966,606 vol24=$7,912,878 feeY=0.000357SOL feeX=214838
19:22:30 guardian pass complete
19:44:32 AsSyvUnb: active=384 range=[322,390] tvl=$965,141 vol24=$7,899,604 feeY=0.000391SOL feeX=231930
19:44:32 guardian pass complete
20:06:35 AsSyvUnb: active=385 range=[322,390] tvl=$969,331 vol24=$7,958,581 feeY=0.000521SOL feeX=283514
20:06:35 guardian pass complete
20:22:50 AsSyvUnb: active=388 range=[322,390] tvl=$972,194 vol24=$7,985,595 feeY=0.000596SOL feeX=297677
20:22:50 guardian pass complete
20:28:36 AsSyvUnb: active=387 range=[322,390] tvl=$973,678 vol24=$7,988,010 feeY=0.000601SOL feeX=303059
20:28:36 guardian pass complete
20:50:38 AsSyvUnb: active=388 range=[322,390] tvl=$988,478 vol24=$8,014,049 feeY=0.000677SOL feeX=328139
20:50:38 guardian pass complete
21:12:40 AsSyvUnb: active=386 range=[322,390] tvl=$988,667 vol24=$8,028,108 feeY=0.000731SOL feeX=378062
21:12:40 guardian pass complete
21:22:51 AsSyvUnb: active=385 range=[322,390] tvl=$989,214 vol24=$8,035,596 feeY=0.000744SOL feeX=385785
21:22:51 guardian pass complete
21:34:42 AsSyvUnb: active=386 range=[322,390] tvl=$989,571 vol24=$8,061,273 feeY=0.000819SOL feeX=410726
21:34:42 guardian pass complete
21:56:45 AsSyvUnb: active=385 range=[322,390] tvl=$974,021 vol24=$8,066,545 feeY=0.000832SOL feeX=427530
21:56:45 guardian pass complete
22:18:47 AsSyvUnb: active=389 range=[322,390] tvl=$977,910 vol24=$8,127,432 feeY=0.000958SOL feeX=445778
22:18:47 guardian pass complete
22:23:05 AsSyvUnb: active=388 range=[322,390] tvl=$975,355 vol24=$8,138,408 feeY=0.000961SOL feeX=457552
22:23:05 guardian pass complete
22:40:49 AsSyvUnb: active=388 range=[322,390] tvl=$975,078 vol24=$8,147,558 feeY=0.001009SOL feeX=478801
22:40:49 guardian pass complete
23:02:52 AsSyvUnb: active=390 range=[322,390] tvl=$986,379 vol24=$8,152,989 feeY=0.001072SOL feeX=497171
23:02:52 guardian pass complete
23:23:14 AsSyvUnb: active=389 range=[322,390] tvl=$997,926 vol24=$8,160,073 feeY=0.001091SOL feeX=508122
23:23:14 guardian pass complete
23:24:23 AsSyvUnb: active=389 range=[322,390] tvl=$997,524 vol24=$8,162,219 feeY=0.001092SOL feeX=510253
23:24:23 guardian pass complete
23:46:26 AsSyvUnb: active=386 range=[322,390] tvl=$988,697 vol24=$7,794,745 feeY=0.001114SOL feeX=547139
23:46:26 guardian pass complete
00:08:28 AsSyvUnb: active=388 range=[322,390] tvl=$986,989 vol24=$7,087,008 feeY=0.001196SOL feeX=568568
00:08:28 guardian pass complete
00:22:39 AsSyvUnb: active=385 range=[322,390] tvl=$985,239 vol24=$6,912,581 feeY=0.001238SOL feeX=622851
00:22:39 guardian pass complete
00:30:59 AsSyvUnb: active=385 range=[322,390] tvl=$984,833 vol24=$6,666,250 feeY=0.001245SOL feeX=622869
00:30:59 guardian pass complete
00:52:32 AsSyvUnb: active=383 range=[322,390] tvl=$981,455 vol24=$5,729,432 feeY=0.001293SOL feeX=663862
00:52:32 guardian pass complete
01:07:49 AsSyvUnb: active=389 range=[322,390] tvl=$989,470 vol24=$5,323,498 feeY=0.001436SOL feeX=666413
01:07:49 guardian pass complete
01:14:34 AsSyvUnb: active=388 range=[322,390] tvl=$989,153 vol24=$5,192,567 feeY=0.001437SOL feeX=685887
01:14:34 guardian pass complete
01:36:38 AsSyvUnb: active=388 range=[322,390] tvl=$985,939 vol24=$4,969,421 feeY=0.001501SOL feeX=711106
01:36:38 guardian pass complete
01:37:46 AsSyvUnb: active=387 range=[322,390] tvl=$984,598 vol24=$4,973,116 feeY=0.001501SOL feeX=717251
01:37:46 guardian pass complete
01:58:40 AsSyvUnb: active=386 range=[322,390] tvl=$995,253 vol24=$4,886,105 feeY=0.001598SOL feeX=770772
01:58:40 guardian pass complete
02:20:42 AsSyvUnb: active=384 range=[322,390] tvl=$996,066 vol24=$4,817,114 feeY=0.001643SOL feeX=819679
02:20:42 guardian pass complete
02:23:02 AsSyvUnb: active=384 range=[322,390] tvl=$995,667 vol24=$4,820,795 feeY=0.001655SOL feeX=820741
02:23:02 guardian pass complete
02:42:44 AsSyvUnb: active=382 range=[322,390] tvl=$988,837 vol24=$4,753,792 feeY=0.001700SOL feeX=864759
02:42:44 guardian pass complete
03:04:46 AsSyvUnb: active=380 range=[322,390] tvl=$992,658 vol24=$4,674,399 feeY=0.001711SOL feeX=890203
03:04:46 guardian pass complete
03:08:25 AsSyvUnb: active=379 range=[322,390] tvl=$991,916 vol24=$4,659,682 feeY=0.001724SOL feeX=896591
03:08:25 guardian pass complete
03:08:53 AsSyvUnb: active=380 range=[322,390] tvl=$992,554 vol24=$4,661,932 feeY=0.001726SOL feeX=897149
03:08:53 guardian pass complete
03:26:50 AsSyvUnb: active=379 range=[322,390] tvl=$988,496 vol24=$4,630,120 feeY=0.001791SOL feeX=936213
03:26:50 guardian pass complete
03:48:22 AsSyvUnb: active=375 range=[322,390] tvl=$986,371 vol24=$4,604,529 feeY=0.001824SOL feeX=991160
03:48:22 guardian pass complete
04:10:24 AsSyvUnb: active=379 range=[322,390] tvl=$987,354 vol24=$4,606,912 feeY=0.001984SOL feeX=1020075
04:10:24 guardian pass complete
04:22:48 AsSyvUnb: active=384 range=[322,390] tvl=$993,000 vol24=$4,636,056 feeY=0.002092SOL feeX=1026913
04:22:48 guardian pass complete
04:32:26 AsSyvUnb: active=384 range=[322,390] tvl=$994,589 vol24=$4,581,158 feeY=0.002118SOL feeX=1035594
04:32:26 guardian pass complete
04:54:29 AsSyvUnb: active=386 range=[322,390] tvl=$997,269 vol24=$4,569,611 feeY=0.002166SOL feeX=1044310
04:54:29 guardian pass complete
05:07:43 AsSyvUnb: active=399 range=[322,390] tvl=$992,518 vol24=$4,617,915 feeY=0.002281SOL feeX=1050037
05:07:43 AsSyvUnb: drifted out of range — fee accrual paused
05:07:43 AsSyvUnb: idle above range (pure SOL, no fees) — watching
05:07:43 guardian pass complete
05:08:05 AsSyvUnb: active=399 range=[322,390] tvl=$992,661 vol24=$4,617,915 feeY=0.002281SOL feeX=1050037
05:08:05 AsSyvUnb: idle above range (pure SOL, no fees) — watching
05:08:05 AsSyvUnb: RE-CENTER — above range 2 passes; exit + gated redeploy
05:08:09 AsSyvUnb: redeploy rc=0 (refusal = data no longer qualifies)
05:08:09 guardian pass complete
