watching 5 hot mints
  PQ-SOL             vault=    502,500,000.00 dd=  0.0%
  MPAIR-SOL          vault=     77,050,853.32 dd= 34.8% <== DRAIN
  Stable-SOL         vault=    161,186,639.00 dd=  4.3%
  THUNKER-SOL        vault=    209,549,387.44 dd=  2.7%
  HOBBES-SOL         vault=    200,840,058.56 dd=  7.0%
  PQ-SOL             vault=    502,500,000.00 dd=  0.0%
  MPAIR-SOL          vault=     76,968,011.33 dd= 34.9% <== DRAIN
  Stable-SOL         vault=    162,862,750.63 dd=  3.3%
  THUNKER-SOL        vault=    209,549,387.44 dd=  2.7%
  HOBBES-SOL         vault=    200,840,058.56 dd=  7.0%
  PQ-SOL             vault=    502,500,000.00 dd=  0.0%
  MPAIR-SOL          vault=     76,967,943.55 dd= 34.9% <== DRAIN
  Stable-SOL         vault=    201,470,341.61 dd=  0.0%
  THUNKER-SOL        vault=    209,549,387.44 dd=  2.7%
  HOBBES-SOL         vault=    200,806,950.32 dd=  7.0%
  PQ-SOL             vault=    502,500,000.00 dd=  0.0%
  MPAIR-SOL          vault=     76,792,241.59 dd= 35.0% <== DRAIN
  Stable-SOL         vault=    200,386,481.89 dd=  0.5%
  THUNKER-SOL        vault=    209,506,195.81 dd=  2.7%
  HOBBES-SOL         vault=    200,806,950.32 dd=  7.0%
  PQ-SOL             vault=    502,500,000.00 dd=  0.0%
  MPAIR-SOL          vault=     76,413,706.42 dd= 35.3% <== DRAIN
  Stable-SOL         vault=    197,996,722.95 dd=  1.7%
  THUNKER-SOL        vault=    209,466,636.27 dd=  2.7%
  HOBBES-SOL         vault=    200,787,262.87 dd=  7.0%
  PQ-SOL             vault=    502,500,000.00 dd=  0.0%
  MPAIR-SOL          vault=     76,005,356.17 dd= 35.7% <== DRAIN
  Stable-SOL         vault=    196,606,893.79 dd=  2.4%
  THUNKER-SOL        vault=    209,466,636.27 dd=  2.7%
  HOBBES-SOL         vault=    200,902,899.43 dd=  7.0%
  PQ-SOL             vault=    502,500,000.00 dd=  0.0%
  MPAIR-SOL          vault=     76,091,717.94 dd= 35.6% <== DRAIN
  Stable-SOL         vault=    192,903,626.26 dd=  4.3%
  THUNKER-SOL        vault=    209,466,636.27 dd=  2.7%
  HOBBES-SOL         vault=    200,902,899.43 dd=  7.0%
  PQ-SOL             vault=    502,500,000.00 dd=  0.0%
  MPAIR-SOL          vault=     76,408,376.86 dd= 35.3% <== DRAIN
  Stable-SOL         vault=    190,897,409.30 dd=  5.2%
  THUNKER-SOL        vault=    209,414,430.37 dd=  2.7%
  HOBBES-SOL         vault=    201,134,050.07 dd=  6.9%
