HTTP 429 for https://api.geckoterminal.com/api/v2/networks/bsc/new_pools?page=1
fast_discover: 20 fresh pool rows appended for ['bsc', 'base']
bsc: pools watched: 7, reserves read: 7, BNB=$711.5 -> bsc_flow.jsonl (lp-gated: 2163 known)
base: pools watched: 0, reserves read: 0, ETH=$2448.0 -> base_flow.jsonl (lp-gated: 555 known)
bsc: pools watched: 7, reserves read: 7, BNB=$711.5 -> bsc_flow.jsonl (lp-gated: 2163 known)
base: pools watched: 0, reserves read: 0, ETH=$2448.3 -> base_flow.jsonl (lp-gated: 555 known)
bsc: pools watched: 7, reserves read: 7, BNB=$711.5 -> bsc_flow.jsonl (lp-gated: 2163 known)
base: pools watched: 0, reserves read: 0, ETH=$2448.3 -> base_flow.jsonl (lp-gated: 555 known)
bsc: pools watched: 7, reserves read: 7, BNB=$711.5 -> bsc_flow.jsonl (lp-gated: 2163 known)
base: pools watched: 0, reserves read: 0, ETH=$2449.1 -> base_flow.jsonl (lp-gated: 555 known)
bsc: pools watched: 7, reserves read: 7, BNB=$711.5 -> bsc_flow.jsonl (lp-gated: 2163 known)
base: pools watched: 0, reserves read: 0, ETH=$2449.1 -> base_flow.jsonl (lp-gated: 555 known)
bsc: pools watched: 7, reserves read: 7, BNB=$711.5 -> bsc_flow.jsonl (lp-gated: 2163 known)
base: pools watched: 0, reserves read: 0, ETH=$2449.3 -> base_flow.jsonl (lp-gated: 555 known)
bsc: pools watched: 7, reserves read: 7, BNB=$711.4 -> bsc_flow.jsonl (lp-gated: 2163 known)
base: pools watched: 0, reserves read: 0, ETH=$2450.2 -> base_flow.jsonl (lp-gated: 555 known)
bsc: pools watched: 7, reserves read: 7, BNB=$711.5 -> bsc_flow.jsonl (lp-gated: 2163 known)
base: pools watched: 0, reserves read: 0, ETH=$2450.2 -> base_flow.jsonl (lp-gated: 555 known)
bsc: pools watched: 7, reserves read: 7, BNB=$711.4 -> bsc_flow.jsonl (lp-gated: 2163 known)
base: pools watched: 0, reserves read: 0, ETH=$2450.7 -> base_flow.jsonl (lp-gated: 555 known)
bsc: pools watched: 7, reserves read: 7, BNB=$711.4 -> bsc_flow.jsonl (lp-gated: 2163 known)
base: pools watched: 0, reserves read: 0, ETH=$2450.7 -> base_flow.jsonl (lp-gated: 555 known)
bsc: pools watched: 7, reserves read: 7, BNB=$711.5 -> bsc_flow.jsonl (lp-gated: 2163 known)
base: pools watched: 0, reserves read: 0, ETH=$2450.7 -> base_flow.jsonl (lp-gated: 555 known)
bsc: pools watched: 7, reserves read: 7, BNB=$711.5 -> bsc_flow.jsonl (lp-gated: 2163 known)
base: pools watched: 0, reserves read: 0, ETH=$2450.7 -> base_flow.jsonl (lp-gated: 555 known)
bsc: pools watched: 7, reserves read: 7, BNB=$711.5 -> bsc_flow.jsonl (lp-gated: 2163 known)
base: pools watched: 0, reserves read: 0, ETH=$2450.7 -> base_flow.jsonl (lp-gated: 555 known)
loop done (bsc,base): 13 cycles, 0 errors, 4.0 min
