EXIT  EDGE / ETH ret=1.000x (illiquid, 158.0m)
EXIT  Jacob / ETH ret=1.000x (illiquid, 158.0m)
EXIT  SNVA / ETH ret=0.616x (abort, 144.7m)
EXIT  VAYR / ETH ret=1.000x (illiquid, 138.0m)
EXIT  Jacob / ETH ret=1.000x (illiquid, 138.0m)
EXIT  ROBIX / ETH ret=0.685x (abort, 138.0m)
EXIT  DPRCH / ETH ret=0.605x (abort, 124.7m)
EXIT  Merlin / ETH ret=1.000x (illiquid, 124.7m)
EXIT  WHAT IF RADAR / ETH ret=1.000x (illiquid, 118.0m)
EXIT  Jacob / ETH ret=1.000x (illiquid, 118.0m)
EXIT  Jacob / ETH ret=1.000x (illiquid, 111.3m)
EXIT  BLACKIE / ETH ret=0.568x (abort, 104.7m)
EXIT  MoonCoin / ETH ret=0.907x (abort, 104.7m)
EXIT  BRRR / ETH ret=1.000x (illiquid, 104.7m)
EXIT  Jacob / ETH ret=1.000x (illiquid, 98.0m)
EXIT  PWENT / ETH ret=0.641x (abort, 91.3m)
EXIT  SLAZHFUN / ETH ret=0.591x (abort, 84.7m)
EXIT  MUTUAL / ETH ret=1.000x (illiquid, 84.7m)
EXIT  Jacob / ETH ret=1.000x (illiquid, 78.0m)
EXIT  Jacob / ETH ret=1.000x (illiquid, 71.3m)
EXIT  ROBINMOON / ETH ret=0.574x (abort, 71.3m)
EXIT  ASS / ETH ret=0.761x (abort, 71.3m)
EXIT  RGROK / ETH ret=1.019x (abort, 64.7m)
EXIT  MAC / WETH ret=0.181x (abort, 58.0m)
EXIT  Jacob / ETH ret=1.000x (illiquid, 51.3m)
EXIT  QCAT / ETH ret=1.000x (illiquid, 51.3m)
EXIT  BABYNEKO / ETH ret=0.503x (abort, 51.3m)
EXIT  MUSE / ETH ret=1.000x (illiquid, 44.7m)
EXIT  LAPTOP / WETH ret=1.000x (illiquid, 40.3m)
EXIT  NECOIN / ETH ret=1.000x (illiquid, 40.3m)
EXIT  Jacob / ETH ret=1.000x (illiquid, 40.3m)
base4 paper [crowd]: 589 entered, 0 open, 49 watching, 205 rows consumed
