  EXIT-RETRY NIKE-SOL stop: sell=submit failed: no signature (RPC)
  EXIT-RETRY EMBER-SOL max_hold: sell=submit failed: no signature (RPC)
  EXIT-RETRY Disney-SOL target: sell=submit failed: no signature (RPC)
  EXIT-RETRY NIKE-SOL stop: sell=submit failed: no signature (RPC)
  EXIT-RETRY EMBER-SOL max_hold: sell=submit failed: no signature (RPC)
  EXIT-RETRY Disney-SOL target: sell=submit failed: no signature (RPC)
  EXIT-RETRY NIKE-SOL stop: sell=submit failed: no signature (RPC)
  EXIT-RETRY EMBER-SOL max_hold: sell=submit failed: no signature (RPC)
  EXIT-RETRY Disney-SOL target: sell=submit failed: no signature (RPC)
  EXIT-RETRY NIKE-SOL stop: sell=submit failed: no signature (RPC)
  EXIT-RETRY EMBER-SOL max_hold: sell=submit failed: no signature (RPC)
  EXIT-RETRY Disney-SOL target: sell=submit failed: no signature (RPC)
  EXIT-RETRY NIKE-SOL stop: sell=submit failed: no signature (RPC)
  EXIT-RETRY EMBER-SOL max_hold: sell=submit failed: no signature (RPC)
  EXIT-RETRY Disney-SOL target: sell=submit failed: no signature (RPC)
  EXIT-RETRY NIKE-SOL stop: sell=submit failed: no signature (RPC)
  EXIT-RETRY EMBER-SOL max_hold: sell=submit failed: no signature (RPC)
  EXIT-RETRY Disney-SOL target: sell=submit failed: no signature (RPC)
  EXIT-RETRY NIKE-SOL stop: sell=submit failed: no signature (RPC)
  EXIT-RETRY EMBER-SOL max_hold: sell=submit failed: no signature (RPC)
  EXIT-RETRY Disney-SOL target: sell=error: HTTP Error 429: Too Many Requests
  EXIT-RETRY NIKE-SOL stop: sell=error: HTTP Error 429: Too Many Requests
  EXIT-RETRY EMBER-SOL max_hold: sell=error: HTTP Error 429: Too Many Requests
  EXIT-RETRY Disney-SOL target: sell=error: HTTP Error 429: Too Many Requests
  EXIT-RETRY NIKE-SOL stop: sell=error: HTTP Error 429: Too Many Requests
  EXIT-RETRY EMBER-SOL max_hold: sell=error: HTTP Error 429: Too Many Requests
  EXIT-RETRY Disney-SOL target: sell=error: HTTP Error 429: Too Many Requests
  EXIT-RETRY NIKE-SOL stop: sell=submit failed: no signature (RPC)
  EXIT-RETRY EMBER-SOL max_hold: sell=submit failed: no signature (RPC)
  EXIT-RETRY Disney-SOL target: sell=submit failed: no signature (RPC)
  EXIT-RETRY NIKE-SOL stop: sell=submit failed: no signature (RPC)
  EXIT-RETRY EMBER-SOL max_hold: sell=submit failed: no signature (RPC)
  EXIT-RETRY Disney-SOL target: sell=submit failed: no signature (RPC)
  EXIT-RETRY NIKE-SOL stop: sell=submit failed: no signature (RPC)
  EXIT-RETRY EMBER-SOL max_hold: sell=submit failed: no signature (RPC)
